kotlin version: 2.4.20
error message: Incremental compilation failed: The following FqNames can't be derived from DirtyData.dirtyLookupSymbols: com.hereliesaz.capturetheflag.commentary.Career.
DirtyData = DirtyData(dirtyLookupSymbols=[LookupSymbol(name=<SAM-CONSTRUCTOR>, scope=com.hereliesaz.capturetheflag.commentary.Career.Companion), LookupSymbol(name=<SAM-CONSTRUCTOR>, scope=com.hereliesaz.capturetheflag.engine.Transition), LookupSymbol(name=highlights, scope=com.hereliesaz.capturetheflag.engine.Transition), LookupSymbol(name=narrate, scope=com.hereliesaz.capturetheflag.commentary.Commentator), LookupSymbol(name=vanish, scope=com.hereliesaz.capturetheflag.engine.GameEngine), LookupSymbol(name=Transition, scope=com.hereliesaz.capturetheflag.engine), LookupSymbol(name=NONE, scope=com.hereliesaz.capturetheflag.commentary.Career.Companion), LookupSymbol(name=<SAM-CONSTRUCTOR>, scope=com.hereliesaz.capturetheflag.commentary.Commentator), LookupSymbol(name=copy, scope=com.hereliesaz.capturetheflag.engine.Transition), LookupSymbol(name=Commentator, scope=com.hereliesaz.capturetheflag.commentary), LookupSymbol(name=Companion, scope=com.hereliesaz.capturetheflag.commentary.Career), LookupSymbol(name=<SAM-CONSTRUCTOR>, scope=com.hereliesaz.capturetheflag.commentary.Career), LookupSymbol(name=<SAM-CONSTRUCTOR>, scope=com.hereliesaz.capturetheflag.engine.GameEngine), LookupSymbol(name=from, scope=com.hereliesaz.capturetheflag.commentary.Career.Companion), LookupSymbol(name=component6, scope=com.hereliesaz.capturetheflag.engine.Transition)], dirtyClassesFqNames=[com.hereliesaz.capturetheflag.engine.Transition, com.hereliesaz.capturetheflag.commentary.Career, com.hereliesaz.capturetheflag.commentary.Career.Companion, com.hereliesaz.capturetheflag.commentary.Commentator, com.hereliesaz.capturetheflag.engine.GameEngine], dirtyClassesFqNamesForceRecompile=[])
java.lang.IllegalStateException: The following FqNames can't be derived from DirtyData.dirtyLookupSymbols: com.hereliesaz.capturetheflag.commentary.Career.
DirtyData = DirtyData(dirtyLookupSymbols=[LookupSymbol(name=<SAM-CONSTRUCTOR>, scope=com.hereliesaz.capturetheflag.commentary.Career.Companion), LookupSymbol(name=<SAM-CONSTRUCTOR>, scope=com.hereliesaz.capturetheflag.engine.Transition), LookupSymbol(name=highlights, scope=com.hereliesaz.capturetheflag.engine.Transition), LookupSymbol(name=narrate, scope=com.hereliesaz.capturetheflag.commentary.Commentator), LookupSymbol(name=vanish, scope=com.hereliesaz.capturetheflag.engine.GameEngine), LookupSymbol(name=Transition, scope=com.hereliesaz.capturetheflag.engine), LookupSymbol(name=NONE, scope=com.hereliesaz.capturetheflag.commentary.Career.Companion), LookupSymbol(name=<SAM-CONSTRUCTOR>, scope=com.hereliesaz.capturetheflag.commentary.Commentator), LookupSymbol(name=copy, scope=com.hereliesaz.capturetheflag.engine.Transition), LookupSymbol(name=Commentator, scope=com.hereliesaz.capturetheflag.commentary), LookupSymbol(name=Companion, scope=com.hereliesaz.capturetheflag.commentary.Career), LookupSymbol(name=<SAM-CONSTRUCTOR>, scope=com.hereliesaz.capturetheflag.commentary.Career), LookupSymbol(name=<SAM-CONSTRUCTOR>, scope=com.hereliesaz.capturetheflag.engine.GameEngine), LookupSymbol(name=from, scope=com.hereliesaz.capturetheflag.commentary.Career.Companion), LookupSymbol(name=component6, scope=com.hereliesaz.capturetheflag.engine.Transition)], dirtyClassesFqNames=[com.hereliesaz.capturetheflag.engine.Transition, com.hereliesaz.capturetheflag.commentary.Career, com.hereliesaz.capturetheflag.commentary.Career.Companion, com.hereliesaz.capturetheflag.commentary.Commentator, com.hereliesaz.capturetheflag.engine.GameEngine], dirtyClassesFqNamesForceRecompile=[])
	at org.jetbrains.kotlin.incremental.classpathDiff.ClasspathChangesComputer.toProgramSymbols(ClasspathChangesComputer.kt:386)
	at org.jetbrains.kotlin.incremental.classpathDiff.ClasspathChangesComputer.computeFineGrainedKotlinClassChanges(ClasspathChangesComputer.kt:286)
	at org.jetbrains.kotlin.incremental.classpathDiff.ClasspathChangesComputer.computeKotlinClassChanges(ClasspathChangesComputer.kt:168)
	at org.jetbrains.kotlin.incremental.classpathDiff.ClasspathChangesComputer.computeClassChanges(ClasspathChangesComputer.kt:137)
	at org.jetbrains.kotlin.incremental.classpathDiff.ClasspathChangesComputer.computeChangedAndImpactedSet(ClasspathChangesComputer.kt:87)
	at org.jetbrains.kotlin.incremental.classpathDiff.ClasspathChangesComputer.computeClasspathChanges(ClasspathChangesComputer.kt:55)
	at org.jetbrains.kotlin.incremental.dirtyFiles.ClasspathSnapshotBasedImpactDeterminer.determineChangedAndImpactedSymbols(ClasspathSnapshotBasedImpactDeterminer.kt:40)
	at org.jetbrains.kotlin.incremental.dirtyFiles.JvmSourcesToCompileCalculator.calculateSourcesToCompileImpl(JvmSourcesToCompileCalculator.kt:35)
	at org.jetbrains.kotlin.incremental.dirtyFiles.JvmSourcesToCompileCalculator.calculateWithClasspathSnapshot(JvmSourcesToCompileCalculator.kt:91)
	at org.jetbrains.kotlin.incremental.IncrementalJvmCompilerRunner.calculateSourcesToCompile(IncrementalJvmCompilerRunner.kt:68)
	at org.jetbrains.kotlin.incremental.IncrementalJvmCompilerRunner.calculateSourcesToCompile(IncrementalJvmCompilerRunner.kt:26)
	at org.jetbrains.kotlin.incremental.IncrementalCompilerRunner.tryCompileIncrementally$lambda$0$compile(IncrementalCompilerRunner.kt:277)
	at org.jetbrains.kotlin.incremental.IncrementalCompilerRunner.tryCompileIncrementally(IncrementalCompilerRunner.kt:319)
	at org.jetbrains.kotlin.incremental.IncrementalCompilerRunner.compile(IncrementalCompilerRunner.kt:160)
	at org.jetbrains.kotlin.daemon.CompileServiceImplBase.execIncrementalCompiler(CompileServiceImpl.kt:792)
	at org.jetbrains.kotlin.daemon.CompileServiceImplBase.access$execIncrementalCompiler(CompileServiceImpl.kt:101)
	at org.jetbrains.kotlin.daemon.CompileServiceImpl.compile(CompileServiceImpl.kt:2077)
	at java.base/jdk.internal.reflect.DirectMethodHandleAccessor.invoke(DirectMethodHandleAccessor.java:103)
	at java.base/java.lang.reflect.Method.invoke(Method.java:580)
	at java.rmi/sun.rmi.server.UnicastServerRef.dispatch(UnicastServerRef.java:360)
	at java.rmi/sun.rmi.transport.Transport$1.run(Transport.java:200)
	at java.rmi/sun.rmi.transport.Transport$1.run(Transport.java:197)
	at java.base/java.security.AccessController.doPrivileged(AccessController.java:714)
	at java.rmi/sun.rmi.transport.Transport.serviceCall(Transport.java:196)
	at java.rmi/sun.rmi.transport.tcp.TCPTransport.handleMessages(TCPTransport.java:598)
	at java.rmi/sun.rmi.transport.tcp.TCPTransport$ConnectionHandler.run0(TCPTransport.java:844)
	at java.rmi/sun.rmi.transport.tcp.TCPTransport$ConnectionHandler.lambda$run$0(TCPTransport.java:721)
	at java.base/java.security.AccessController.doPrivileged(AccessController.java:400)
	at java.rmi/sun.rmi.transport.tcp.TCPTransport$ConnectionHandler.run(TCPTransport.java:720)
	at java.base/java.util.concurrent.ThreadPoolExecutor.runWorker(ThreadPoolExecutor.java:1144)
	at java.base/java.util.concurrent.ThreadPoolExecutor$Worker.run(ThreadPoolExecutor.java:642)
	at java.base/java.lang.Thread.run(Thread.java:1583)


